---
source: tests/golden.rs
---
{
  "schema_version": 1,
  "default_image": "broken-network",
  "default_image_name": "Broken network",
  "pr_image": "broken-network",
  "default_target": "broken-network",
  "default_published": "broken-network",
  "pr_target": "broken-network",
  "pr_published": "broken-network",
  "ungated_target": "broken-network",
  "ungated_published": "broken-network",
  "cache_image": "broken-network-cache",
  "workflows": [],
  "audit": {
    "enforce": false
  },
  "remotes": [],
  "assets": [
    {
      "module": "core/fetcher",
      "name": "tool",
      "manifest": "modules/core/fetcher/module.kdl",
      "pin": {
        "locator": "https://github.com/owner/tool/releases/download/v{version}/tool.tar.gz",
        "selector": "1.0.0",
        "verifier": "b7c232b0e8249d8e55a40beb79c5c43a7d370f3f9408bd215deb0170daeaadf3",
        "tracker": "renovate",
        "reason": null,
        "from": "asset",
        "path": null,
        "resolved": "https://github.com/owner/tool/releases/download/v1.0.0/tool.tar.gz"
      }
    },
    {
      "module": "core/asset-only",
      "name": "tool",
      "manifest": "modules/core/asset-only/module.kdl",
      "pin": {
        "locator": "https://github.com/owner/tool/releases/download/v{version}/tool.tar.gz",
        "selector": "1.0.0",
        "verifier": "b7c232b0e8249d8e55a40beb79c5c43a7d370f3f9408bd215deb0170daeaadf3",
        "tracker": "renovate",
        "reason": null,
        "from": "asset",
        "path": null,
        "resolved": "https://github.com/owner/tool/releases/download/v1.0.0/tool.tar.gz"
      }
    }
  ],
  "images": [
    {
      "id": "broken-network",
      "name": "Broken network",
      "pretty_name": "",
      "file": "./image.kdl",
      "url": "",
      "issues_url": "",
      "description": "",
      "keywords": [],
      "logo_url": "",
      "conforms": "",
      "boot": "",
      "allows": [],
      "layout": {
        "filesystem": "",
        "bootloader": "grub2"
      },
      "base": {
        "image": "quay.io/fedora/fedora-bootc:44",
        "family": "fedora",
        "signed": false,
        "provides": [
          "rechunking"
        ],
        "witnesses": {
          "bootc": [
            "/usr/bin/bootc"
          ],
          "bootupctl": [
            "/usr/bin/bootupctl"
          ],
          "crun": [
            "/usr/bin/crun"
          ],
          "flatpak": [
            "/usr/bin/flatpak"
          ],
          "initramfs-generation": [
            "/usr/bin/dracut"
          ],
          "podman": [
            "/usr/bin/podman"
          ],
          "selinux-policy": [
            "/usr/sbin/semodule"
          ],
          "ssh": [
            "/usr/sbin/sshd"
          ]
        },
        "requires": [],
        "satisfies": []
      },
      "flavours": [],
      "default_flavour": null,
      "targets": [
        {
          "name": "broken-network",
          "image": "broken-network",
          "flavour": null,
          "published": "broken-network",
          "conforms": "",
          "allows": [],
          "default": true,
          "pr": true,
          "siblings": [],
          "modules": [
            {
              "path": "fedora-family",
              "dir": "fedora-family",
              "flavour": null,
              "variant": null,
              "remote": null,
              "description": "dnf5 and its plugins, which every fedora build layer reaches for",
              "options": {},
              "provides": [
                "build-environment"
              ],
              "requires": [],
              "files": {},
              "packages": [],
              "groups": [],
              "coprs": [],
              "provenance": {
                "content": "bed8965fb074912261ce21afc90ec0a365c4655bf5e0be032fc1b71064d65838",
                "repo": false,
                "source": null,
                "pin": null,
                "imported": null
              },
              "satisfies": [],
              "refuses": []
            },
            {
              "path": "core/tools",
              "dir": "core/tools",
              "flavour": null,
              "variant": null,
              "remote": null,
              "description": "Installs a package, then configures it with no network",
              "options": {},
              "provides": [],
              "requires": [],
              "files": {},
              "packages": [
                {
                  "family": "fedora",
                  "names": [
                    "htop"
                  ],
                  "enablerepo": null
                }
              ],
              "groups": [],
              "coprs": [],
              "provenance": {
                "content": "6dd81292c396ef71d71d7ea1edf86ef4b72e7f61bdf06029377b740dc9a533f4",
                "repo": false,
                "source": null,
                "pin": null,
                "imported": null
              },
              "satisfies": [],
              "refuses": []
            },
            {
              "path": "core/fetcher",
              "dir": "core/fetcher",
              "flavour": null,
              "variant": null,
              "remote": null,
              "description": "Fetches a pinned release in its own script",
              "options": {},
              "provides": [],
              "requires": [],
              "files": {},
              "packages": [],
              "groups": [],
              "coprs": [],
              "provenance": {
                "content": "d49f6e4910f7ddaaf773d9cd9511266892215efaffc0645fd0bf5d1aee193aca",
                "repo": false,
                "source": null,
                "pin": null,
                "imported": null
              },
              "satisfies": [],
              "refuses": []
            },
            {
              "path": "core/asset-only",
              "dir": "core/asset-only",
              "flavour": null,
              "variant": null,
              "remote": null,
              "description": "Fetches a pinned release with nothing opening its script step",
              "options": {},
              "provides": [],
              "requires": [],
              "files": {},
              "packages": [],
              "groups": [],
              "coprs": [],
              "provenance": {
                "content": "22e751afba9121cb35e551638784330f2a3516d1d5b6107c05b4868f5d6438a5",
                "repo": false,
                "source": null,
                "pin": null,
                "imported": null
              },
              "satisfies": [],
              "refuses": []
            },
            {
              "path": "core/fragment-only",
              "dir": "core/fragment-only",
              "flavour": null,
              "variant": null,
              "remote": null,
              "description": "Emits its fragment alone",
              "options": {},
              "provides": [],
              "requires": [],
              "files": {},
              "packages": [],
              "groups": [],
              "coprs": [],
              "provenance": {
                "content": "ca646c991495fc718e9f4929ae480c4cab46deb7e6934f04a0fbc46701c312ba",
                "repo": false,
                "source": null,
                "pin": null,
                "imported": null
              },
              "satisfies": [],
              "refuses": []
            },
            {
              "path": "core/installer",
              "dir": "core/installer",
              "flavour": null,
              "variant": null,
              "remote": null,
              "description": "Installs a package from its own script",
              "options": {},
              "provides": [],
              "requires": [],
              "files": {},
              "packages": [],
              "groups": [],
              "coprs": [],
              "provenance": {
                "content": "5dbb725fd83377a37b3cff537c2ca429f7549334a83577d7f691c85f55fd1781",
                "repo": false,
                "source": null,
                "pin": null,
                "imported": null
              },
              "satisfies": [],
              "refuses": []
            }
          ],
          "suppressed": [],
          "secrets": [],
          "contract_files": [],
          "verify_exceptions": [],
          "assets": [
            {
              "module": "core/fetcher",
              "name": "tool",
              "manifest": "modules/core/fetcher/module.kdl",
              "pin": {
                "locator": "https://github.com/owner/tool/releases/download/v{version}/tool.tar.gz",
                "selector": "1.0.0",
                "verifier": "b7c232b0e8249d8e55a40beb79c5c43a7d370f3f9408bd215deb0170daeaadf3",
                "tracker": "renovate",
                "reason": null,
                "from": "asset",
                "path": null,
                "resolved": "https://github.com/owner/tool/releases/download/v1.0.0/tool.tar.gz"
              }
            },
            {
              "module": "core/asset-only",
              "name": "tool",
              "manifest": "modules/core/asset-only/module.kdl",
              "pin": {
                "locator": "https://github.com/owner/tool/releases/download/v{version}/tool.tar.gz",
                "selector": "1.0.0",
                "verifier": "b7c232b0e8249d8e55a40beb79c5c43a7d370f3f9408bd215deb0170daeaadf3",
                "tracker": "renovate",
                "reason": null,
                "from": "asset",
                "path": null,
                "resolved": "https://github.com/owner/tool/releases/download/v1.0.0/tool.tar.gz"
              }
            }
          ],
          "overlay_files": {},
          "overlay_overridden": [],
          "collected_files": {},
          "collect_destinations": []
        }
      ]
    }
  ]
}
