---
source: tests/golden.rs
---
{
  "schema_version": 1,
  "default_image": "bare-module",
  "default_image_name": "Bare Module",
  "pr_image": "bare-module",
  "default_target": "bare-module",
  "default_published": "bare-module",
  "pr_target": "bare-module",
  "pr_published": "bare-module",
  "ungated_target": "bare-module",
  "ungated_published": "bare-module",
  "cache_image": "bare-module-cache",
  "workflows": [],
  "audit": {
    "enforce": false
  },
  "remotes": [],
  "assets": [],
  "images": [
    {
      "id": "bare-module",
      "name": "Bare Module",
      "pretty_name": "",
      "file": "./image.kdl",
      "url": "",
      "issues_url": "",
      "description": "",
      "keywords": [],
      "logo_url": "",
      "conforms": "",
      "boot": "",
      "allows": [],
      "layout": {
        "filesystem": "",
        "bootloader": "grub2"
      },
      "base": {
        "image": "quay.io/fedora/fedora-bootc:44",
        "family": "fedora",
        "signed": false,
        "provides": [
          "rechunking"
        ],
        "witnesses": {
          "bootc": [
            "/usr/bin/bootc"
          ],
          "bootupctl": [
            "/usr/bin/bootupctl"
          ],
          "crun": [
            "/usr/bin/crun"
          ],
          "flatpak": [
            "/usr/bin/flatpak"
          ],
          "initramfs-generation": [
            "/usr/bin/dracut"
          ],
          "podman": [
            "/usr/bin/podman"
          ],
          "selinux-policy": [
            "/usr/sbin/semodule"
          ],
          "ssh": [
            "/usr/sbin/sshd"
          ]
        },
        "requires": [],
        "satisfies": []
      },
      "flavours": [],
      "default_flavour": null,
      "targets": [
        {
          "name": "bare-module",
          "image": "bare-module",
          "flavour": null,
          "published": "bare-module",
          "conforms": "",
          "allows": [],
          "default": true,
          "pr": true,
          "siblings": [],
          "modules": [
            {
              "path": "hello",
              "dir": "hello",
              "flavour": null,
              "variant": null,
              "remote": null,
              "description": "",
              "options": {},
              "provides": [],
              "requires": [],
              "files": {},
              "packages": [],
              "groups": [],
              "coprs": [],
              "provenance": {
                "content": "627f98d95f1b742adc445f0a4519570745fe3a9ba4161ab74344338f808efba1",
                "repo": false,
                "source": null,
                "pin": null,
                "imported": null
              },
              "satisfies": [],
              "refuses": []
            },
            {
              "path": "menu",
              "dir": "menu",
              "flavour": null,
              "variant": null,
              "remote": null,
              "description": "",
              "options": {},
              "provides": [],
              "requires": [],
              "files": {},
              "packages": [],
              "groups": [],
              "coprs": [],
              "provenance": {
                "content": "092f929e13100ed3978ef5cbfd33444cf2b3f474f5a6fc9ca3a57bc87abdc385",
                "repo": false,
                "source": null,
                "pin": null,
                "imported": null
              },
              "satisfies": [],
              "refuses": []
            },
            {
              "path": "apps",
              "dir": "apps",
              "flavour": null,
              "variant": null,
              "remote": null,
              "description": "",
              "options": {},
              "provides": [],
              "requires": [],
              "files": {},
              "packages": [],
              "groups": [],
              "coprs": [],
              "provenance": {
                "content": "f0c9ce6caf1bf31e3982de3365cb90c3f79ff140a8e42796cb2b711edaf5a06f",
                "repo": false,
                "source": null,
                "pin": null,
                "imported": null
              },
              "satisfies": [],
              "refuses": []
            },
            {
              "path": "apps/editor",
              "dir": "apps/editor",
              "flavour": null,
              "variant": null,
              "remote": null,
              "description": "",
              "options": {},
              "provides": [],
              "requires": [],
              "files": {},
              "packages": [],
              "groups": [],
              "coprs": [],
              "provenance": {
                "content": "d3b3189e72b2564dd629a1e7262f0ee1e059fab537ce4b4b6e2ec08f9d59130d",
                "repo": false,
                "source": null,
                "pin": null,
                "imported": null
              },
              "satisfies": [],
              "refuses": []
            }
          ],
          "suppressed": [],
          "secrets": [],
          "contract_files": [],
          "verify_exceptions": [],
          "assets": [],
          "overlay_files": {
            "/etc/motd": "hello"
          },
          "overlay_overridden": [],
          "collected_files": {
            "apps": [
              {
                "file": "justfile.inc",
                "staged": "/usr/share/menu/justfile.apps.d/0500-apps.part"
              }
            ],
            "apps/editor": [
              {
                "file": "justfile.inc",
                "staged": "/usr/share/menu/justfile.apps.d/0500-apps-editor.part"
              }
            ]
          },
          "collect_destinations": [
            "/usr/share/menu/justfile.apps"
          ]
        }
      ]
    }
  ]
}
