---
source: tests/golden.rs
---
{
  "schema_version": 1,
  "default_image": "network",
  "default_image_name": "Network",
  "pr_image": "network",
  "default_target": "network",
  "default_published": "network",
  "pr_target": "network",
  "pr_published": "network",
  "ungated_target": "network",
  "ungated_published": "network",
  "cache_image": "network-cache",
  "workflows": [],
  "audit": {
    "enforce": false
  },
  "remotes": [],
  "assets": [
    {
      "module": "core/fetcher",
      "name": "tool",
      "manifest": "modules/core/fetcher/module.kdl",
      "pin": {
        "locator": "https://github.com/owner/tool/releases/download/v{version}/tool.tar.gz",
        "selector": "1.0.0",
        "verifier": "b7c232b0e8249d8e55a40beb79c5c43a7d370f3f9408bd215deb0170daeaadf3",
        "tracker": "renovate",
        "reason": null,
        "from": "asset",
        "path": null,
        "resolved": "https://github.com/owner/tool/releases/download/v1.0.0/tool.tar.gz"
      }
    }
  ],
  "images": [
    {
      "id": "network",
      "name": "Network",
      "pretty_name": "",
      "file": "./image.kdl",
      "url": "",
      "issues_url": "",
      "description": "",
      "keywords": [],
      "logo_url": "",
      "conforms": "",
      "boot": "",
      "allows": [],
      "layout": {
        "filesystem": "",
        "bootloader": "grub2"
      },
      "base": {
        "image": "quay.io/fedora/fedora-bootc:44",
        "family": "fedora",
        "signed": false,
        "provides": [
          "rechunking",
          "selinux-policy"
        ],
        "witnesses": {
          "bootc": [
            "/usr/bin/bootc"
          ],
          "bootupctl": [
            "/usr/bin/bootupctl"
          ],
          "crun": [
            "/usr/bin/crun"
          ],
          "flatpak": [
            "/usr/bin/flatpak"
          ],
          "initramfs-generation": [
            "/usr/bin/dracut"
          ],
          "podman": [
            "/usr/bin/podman"
          ],
          "selinux-policy": [
            "/usr/sbin/semodule"
          ],
          "ssh": [
            "/usr/sbin/sshd"
          ]
        },
        "requires": [],
        "satisfies": []
      },
      "flavours": [],
      "default_flavour": null,
      "targets": [
        {
          "name": "network",
          "image": "network",
          "flavour": null,
          "published": "network",
          "conforms": "",
          "allows": [],
          "default": true,
          "pr": true,
          "siblings": [],
          "modules": [
            {
              "path": "fedora-family",
              "dir": "fedora-family",
              "flavour": null,
              "variant": null,
              "remote": null,
              "description": "dnf5 and its plugins, which every fedora build layer reaches for",
              "options": {},
              "provides": [
                "build-environment"
              ],
              "requires": [],
              "files": {},
              "packages": [],
              "groups": [],
              "coprs": [],
              "provenance": {
                "content": "bed8965fb074912261ce21afc90ec0a365c4655bf5e0be032fc1b71064d65838",
                "repo": false,
                "source": null,
                "pin": null,
                "imported": null
              },
              "satisfies": [],
              "refuses": []
            },
            {
              "path": "core/tools",
              "dir": "core/tools",
              "flavour": null,
              "variant": null,
              "remote": null,
              "description": "Installs a package, then configures it with no network",
              "options": {},
              "provides": [],
              "requires": [],
              "files": {},
              "packages": [
                {
                  "family": "fedora",
                  "names": [
                    "htop"
                  ],
                  "enablerepo": null
                }
              ],
              "groups": [],
              "coprs": [
                {
                  "id": "example/tools",
                  "url": "https://copr.fedorainfracloud.org/coprs/example/tools/"
                }
              ],
              "provenance": {
                "content": "51d54e120bb8740564b752a4012d0d03514838b2b7db1f722ac9fab2fe0636d6",
                "repo": false,
                "source": null,
                "pin": null,
                "imported": null
              },
              "satisfies": [],
              "refuses": []
            },
            {
              "path": "core/fetcher",
              "dir": "core/fetcher",
              "flavour": null,
              "variant": null,
              "remote": null,
              "description": "Fetches a pinned release in its own script",
              "options": {},
              "provides": [],
              "requires": [],
              "files": {},
              "packages": [],
              "groups": [],
              "coprs": [],
              "provenance": {
                "content": "d49f6e4910f7ddaaf773d9cd9511266892215efaffc0645fd0bf5d1aee193aca",
                "repo": false,
                "source": null,
                "pin": null,
                "imported": null
              },
              "satisfies": [],
              "refuses": []
            },
            {
              "path": "core/quiet",
              "dir": "core/quiet",
              "flavour": null,
              "variant": null,
              "remote": null,
              "description": "Ships files and nothing else",
              "options": {},
              "provides": [],
              "requires": [],
              "files": {},
              "packages": [],
              "groups": [],
              "coprs": [],
              "provenance": {
                "content": "df55e675ea59c9d98680e1c3834e274edc420ee942b71591f15623d33a647f93",
                "repo": false,
                "source": null,
                "pin": null,
                "imported": null
              },
              "satisfies": [],
              "refuses": []
            },
            {
              "path": "core/spliced",
              "dir": "core/spliced",
              "flavour": null,
              "variant": null,
              "remote": null,
              "description": "Ships a fragment beside its standard layer",
              "options": {},
              "provides": [],
              "requires": [],
              "files": {},
              "packages": [],
              "groups": [],
              "coprs": [],
              "provenance": {
                "content": "e51d6717c94d7290695d4d13c504247bbf2b0633f093bab63882f178a9bce9cb",
                "repo": false,
                "source": null,
                "pin": null,
                "imported": null
              },
              "satisfies": [],
              "refuses": []
            }
          ],
          "suppressed": [],
          "secrets": [],
          "contract_files": [
            "/usr/sbin/semodule"
          ],
          "verify_exceptions": [],
          "assets": [
            {
              "module": "core/fetcher",
              "name": "tool",
              "manifest": "modules/core/fetcher/module.kdl",
              "pin": {
                "locator": "https://github.com/owner/tool/releases/download/v{version}/tool.tar.gz",
                "selector": "1.0.0",
                "verifier": "b7c232b0e8249d8e55a40beb79c5c43a7d370f3f9408bd215deb0170daeaadf3",
                "tracker": "renovate",
                "reason": null,
                "from": "asset",
                "path": null,
                "resolved": "https://github.com/owner/tool/releases/download/v1.0.0/tool.tar.gz"
              }
            }
          ],
          "overlay_files": {
            "/etc/quiet.conf": "core/quiet"
          },
          "overlay_overridden": [],
          "collected_files": {},
          "collect_destinations": []
        }
      ]
    }
  ]
}
