---
source: tests/golden.rs
---
  x the module graph has a cycle
    ,-[tests/repos/broken-cycle/image.kdl:12:9]
 11 |     modules {
 12 |         module "core/a"
    :         ^^^|^^
    :            `-- waits on `core/b`
 13 |         module "core/b"
    :         ^^^|^^
    :            `-- waits on `core/a`
 14 |     }
    `----
  help: a requirement implies ordering, so a cycle has no build order at all;
        drop one of the edges, or split the module that closes it
