---
source: tests/golden/harness.rs
---
{
  "schema_version": 1,
  "default_image": "broken-graph",
  "default_image_name": "Broken Graph",
  "pr_image": "broken-graph",
  "default_target": "broken-graph",
  "default_published": "broken-graph",
  "pr_target": "broken-graph",
  "pr_published": "broken-graph",
  "ungated_target": "broken-graph",
  "ungated_published": "broken-graph",
  "cache_image": "broken-graph-cache",
  "workflows": [],
  "audit": {
    "enforce": false
  },
  "remotes": [],
  "assets": [],
  "images": [
    {
      "id": "broken-graph",
      "name": "Broken Graph",
      "pretty_name": "",
      "file": "./image.kdl",
      "url": "",
      "issues_url": "",
      "description": "",
      "keywords": [],
      "logo_url": "",
      "conforms": "",
      "boot": "",
      "allows": [],
      "layout": null,
      "base": {
        "image": "quay.io/fedora/fedora-bootc:44",
        "family": "fedora",
        "signed": false,
        "provides": [
          "rechunking",
          "boot policy",
          "selinux-policy"
        ],
        "witnesses": {
          "apparmor-policy": [
            "/usr/bin/apparmor-policy",
            "/usr/sbin/apparmor-policy"
          ],
          "boot policy": [
            "/usr/bin/boot policy",
            "/usr/sbin/boot policy"
          ],
          "nothing": [
            "/usr/bin/nothing",
            "/usr/sbin/nothing"
          ],
          "package-manager": [
            "/usr/bin/package-manager",
            "/usr/sbin/package-manager"
          ],
          "rechunking": [
            "/usr/bin/rechunking",
            "/usr/sbin/rechunking"
          ],
          "selinux-policy": [
            "/usr/bin/selinux-policy",
            "/usr/sbin/selinux-policy"
          ]
        },
        "requires": [
          "bootc-base"
        ],
        "satisfies": []
      },
      "flavours": [],
      "default_flavour": null,
      "targets": [
        {
          "name": "broken-graph",
          "image": "broken-graph",
          "flavour": null,
          "published": "broken-graph",
          "conforms": "",
          "allows": [],
          "default": true,
          "pr": true,
          "siblings": [],
          "modules": [
            {
              "path": "core/one",
              "dir": "core/one",
              "flavour": null,
              "variant": null,
              "remote": null,
              "description": "Requires a capability nothing in this image provides",
              "options": {},
              "provides": [],
              "requires": [
                "package-manager",
                "apparmor-policy",
                "nothing"
              ],
              "files": {},
              "packages": [
                {
                  "family": "fedora",
                  "names": [
                    "fastfetch"
                  ],
                  "enablerepo": null
                }
              ],
              "groups": [],
              "coprs": [],
              "provenance": {
                "content": "ecdde662c336c9ea66f943f139ab799e4d4d14b65ada51f97b612971487d0a3d",
                "repo": false,
                "source": null,
                "pin": null,
                "imported": null
              },
              "satisfies": [],
              "refuses": []
            },
            {
              "path": "core/two",
              "dir": "core/two",
              "flavour": null,
              "variant": null,
              "remote": null,
              "description": "Provides what the base already provides",
              "options": {},
              "provides": [
                "rechunking",
                "shell-tools"
              ],
              "requires": [],
              "files": {},
              "packages": [],
              "groups": [],
              "coprs": [],
              "provenance": {
                "content": "d35629d288e2a4927d7e7dce1f778279d301a7a16a6fb1207e03a1c3f1a509c6",
                "repo": false,
                "source": null,
                "pin": null,
                "imported": null
              },
              "satisfies": [],
              "refuses": []
            },
            {
              "path": "core/three",
              "dir": "core/three",
              "flavour": null,
              "variant": null,
              "remote": null,
              "description": "Provides the same capability as another enabled module",
              "options": {},
              "provides": [
                "shell-tools"
              ],
              "requires": [],
              "files": {},
              "packages": [],
              "groups": [],
              "coprs": [],
              "provenance": {
                "content": "50167da21c1c54e2dcdc98560a36955865765d2c086e0d39b0061c32d8431997",
                "repo": false,
                "source": null,
                "pin": null,
                "imported": null
              },
              "satisfies": [],
              "refuses": []
            }
          ],
          "suppressed": [],
          "secrets": [],
          "contract_files": [],
          "verify_exceptions": [],
          "assets": [],
          "overlay_files": {},
          "overlay_overridden": [],
          "collected_files": {},
          "collect_destinations": []
        }
      ]
    }
  ]
}
