---
source: tests/golden.rs
---
  x `none` is reserved
    ,-[tests/repos/broken-flavours/image.kdl:13:9]
 12 |         dev
 13 |         none
    :         ^^|^
    :           `-- not usable as a flavour name
 14 |         dev
    `----
  help: `none` names the ungated build, which is published unsuffixed and
        needs no declaration

  x flavour `dev` is declared twice
    ,-[tests/repos/broken-flavours/image.kdl:12:9]
 11 |     flavours {
 12 |         dev
    :         ^|^
    :          `-- first here
 13 |         none
 14 |         dev
    :         ^|^
    :          `-- and again here
 15 |     }
    `----

  x `server` is not a declared flavour
    ,-[tests/repos/broken-flavours/image.kdl:20:9]
 19 | 
 20 |         flavour "server" {
    :         ^^^|^^^
    :            `-- no such flavour
 21 |             module "core/hello"
    `----
  help: declared flavours: dev, none
