---
source: tests/golden/harness.rs
---
{
  "schema_version": 1,
  "default_image": "broken-fetch",
  "default_image_name": "Broken Fetch",
  "pr_image": "broken-fetch",
  "default_target": "broken-fetch",
  "default_published": "broken-fetch",
  "pr_target": "broken-fetch",
  "pr_published": "broken-fetch",
  "ungated_target": "broken-fetch",
  "ungated_published": "broken-fetch",
  "cache_image": "broken-fetch-cache",
  "workflows": [],
  "audit": {
    "enforce": false
  },
  "remotes": [],
  "assets": [],
  "images": [
    {
      "id": "broken-fetch",
      "name": "Broken Fetch",
      "pretty_name": "",
      "file": "./example.image.kdl",
      "url": "",
      "issues_url": "",
      "description": "",
      "keywords": [],
      "logo_url": "",
      "conforms": "",
      "boot": "",
      "allows": [],
      "layout": null,
      "base": {
        "image": "quay.io/fedora/fedora-bootc:44",
        "family": "fedora",
        "signed": false,
        "provides": [
          "rechunking"
        ],
        "witnesses": {
          "rechunking": [
            "/usr/bin/rechunking",
            "/usr/sbin/rechunking"
          ]
        },
        "requires": [],
        "satisfies": []
      },
      "flavours": [],
      "default_flavour": null,
      "targets": [
        {
          "name": "broken-fetch",
          "image": "broken-fetch",
          "flavour": null,
          "published": "broken-fetch",
          "conforms": "",
          "allows": [],
          "default": true,
          "pr": true,
          "siblings": [],
          "modules": [
            {
              "path": "core/grabber",
              "dir": "core/grabber",
              "flavour": null,
              "variant": null,
              "remote": null,
              "description": "Reaches the network with nothing declaring what it pulls",
              "options": {},
              "provides": [],
              "requires": [],
              "files": {},
              "packages": [],
              "groups": [],
              "coprs": [],
              "provenance": {
                "content": "6e4bfa4f10fd0b975217b869f500b1a6dbacede5e6d85e3e3e4bee6887b19dab",
                "repo": false,
                "source": null,
                "pin": null,
                "imported": null
              },
              "satisfies": [],
              "refuses": []
            }
          ],
          "suppressed": [],
          "secrets": [],
          "contract_files": [],
          "verify_exceptions": [],
          "assets": [],
          "overlay_files": {},
          "overlay_overridden": [],
          "collected_files": {},
          "collect_destinations": []
        }
      ]
    }
  ]
}
