---
source: tests/golden.rs
---
  x `core/early` expands FLAVOUR above the flavour gate
    ,-[tests/repos/broken-fragment/image.kdl:16:9]
 15 |     modules {
 16 |         module "core/early"
    :         ^^^|^^
    :            `-- listed above the first flavour-gated module
 17 | 
    `----
  help: ARG FLAVOUR is declared directly above the first gated entry, so a
        fragment before it would expand to an empty string

  x `core/silent` is listed under `dev` but its fragment sets no FLAVOUR_GATE
    ,-[tests/repos/broken-fragment/image.kdl:19:13]
 18 |         flavour "dev" {
 19 |             module "core/silent"
    :             ^^^|^^
    :                `-- the flavour gate would be silently ignored
 20 |             module "core/mismatched"
    `----
  help: a fragment is emitted unconditionally, so anything it runs has to
        carry the gate itself

  x `core/mismatched` is listed under `dev` but its fragment gates on `server`
    ,-[tests/repos/broken-fragment/image.kdl:20:13]
 19 |             module "core/silent"
 20 |             module "core/mismatched"
    :             ^^^|^^
    :                `-- listed here
 21 |         }
    `----
