---
source: tests/golden/harness.rs
---
{
  "schema_version": 1,
  "default_image": "broken-overlay",
  "default_image_name": "Broken Overlay",
  "pr_image": "broken-overlay",
  "default_target": "broken-overlay",
  "default_published": "broken-overlay",
  "pr_target": "broken-overlay",
  "pr_published": "broken-overlay",
  "ungated_target": "broken-overlay",
  "ungated_published": "broken-overlay",
  "cache_image": "broken-overlay-cache",
  "workflows": [],
  "audit": {
    "enforce": false
  },
  "remotes": [],
  "assets": [],
  "images": [
    {
      "id": "broken-overlay",
      "name": "Broken Overlay",
      "pretty_name": "",
      "file": "./image.kdl",
      "url": "",
      "issues_url": "",
      "description": "",
      "keywords": [],
      "logo_url": "",
      "conforms": "",
      "boot": "",
      "allows": [],
      "layout": null,
      "base": {
        "image": "quay.io/fedora/fedora-bootc:44",
        "family": "fedora",
        "signed": false,
        "provides": [
          "rechunking"
        ],
        "witnesses": {
          "rechunking": [
            "/usr/bin/rechunking",
            "/usr/sbin/rechunking"
          ]
        },
        "requires": [],
        "satisfies": []
      },
      "flavours": [],
      "default_flavour": null,
      "targets": [
        {
          "name": "broken-overlay",
          "image": "broken-overlay",
          "flavour": null,
          "published": "broken-overlay",
          "conforms": "",
          "allows": [],
          "default": true,
          "pr": true,
          "siblings": [],
          "modules": [
            {
              "path": "core/first",
              "dir": "core/first",
              "flavour": null,
              "variant": null,
              "remote": null,
              "description": "Ships a file a later module ships too",
              "options": {},
              "provides": [],
              "requires": [],
              "files": {},
              "packages": [],
              "groups": [],
              "coprs": [],
              "provenance": {
                "content": "792e32d6ed7c2f37acf0813074203b39723a300a51bee6cebd46ea50b4eea18a",
                "repo": false,
                "source": null,
                "pin": null,
                "imported": null
              },
              "satisfies": [],
              "refuses": []
            },
            {
              "path": "core/second",
              "dir": "core/second",
              "flavour": null,
              "variant": null,
              "remote": null,
              "description": "Ships the same path without saying so",
              "options": {},
              "provides": [],
              "requires": [],
              "files": {},
              "packages": [],
              "groups": [],
              "coprs": [],
              "provenance": {
                "content": "7a7c514a39496473191da4d8766941cced5a9f9bd9c94da10f7f2cb067ecc2ee",
                "repo": false,
                "source": null,
                "pin": null,
                "imported": null
              },
              "satisfies": [],
              "refuses": []
            },
            {
              "path": "core/third",
              "dir": "core/third",
              "flavour": null,
              "variant": null,
              "remote": null,
              "description": "Overrides a path no earlier module ships",
              "options": {},
              "provides": [],
              "requires": [],
              "files": {},
              "packages": [],
              "groups": [],
              "coprs": [],
              "provenance": {
                "content": "121aa42bc11ae78ada7a03faa13865b068e6ad2cd0c571cd27e27d0e78e2e51c",
                "repo": true,
                "source": null,
                "pin": null,
                "imported": null
              },
              "satisfies": [],
              "refuses": []
            }
          ],
          "suppressed": [],
          "secrets": [],
          "contract_files": [],
          "verify_exceptions": [],
          "assets": [],
          "overlay_files": {
            "/etc/sudoers.d/99-hardening": "core/second"
          },
          "overlay_overridden": [
            {
              "path": "/etc/sudoers.d/99-hardening",
              "module": "core/first",
              "by": "core/second"
            }
          ],
          "collected_files": {},
          "collect_destinations": []
        }
      ]
    }
  ]
}
