---
source: tests/golden/harness.rs
---
{
  "schema_version": 1,
  "default_image": "collecting",
  "default_image_name": "Collecting",
  "pr_image": "collecting",
  "default_target": "collecting",
  "default_published": "collecting",
  "pr_target": "collecting",
  "pr_published": "collecting",
  "ungated_target": "collecting",
  "ungated_published": "collecting",
  "cache_image": "collecting-cache",
  "workflows": [],
  "audit": {
    "enforce": false
  },
  "remotes": [],
  "assets": [],
  "images": [
    {
      "id": "collecting",
      "name": "Collecting",
      "pretty_name": "",
      "file": "./image.kdl",
      "url": "",
      "issues_url": "",
      "description": "",
      "keywords": [],
      "logo_url": "",
      "conforms": "",
      "boot": "",
      "allows": [],
      "layout": null,
      "base": {
        "image": "quay.io/fedora/fedora-bootc:44",
        "family": "fedora",
        "signed": false,
        "provides": [
          "rechunking"
        ],
        "witnesses": {
          "rechunking": [
            "/usr/bin/rechunking",
            "/usr/sbin/rechunking"
          ]
        },
        "requires": [],
        "satisfies": []
      },
      "flavours": [],
      "default_flavour": null,
      "targets": [
        {
          "name": "collecting",
          "image": "collecting",
          "flavour": null,
          "published": "collecting",
          "conforms": "",
          "allows": [],
          "default": true,
          "pr": true,
          "siblings": [],
          "modules": [
            {
              "path": "core/menu",
              "dir": "core/menu",
              "flavour": null,
              "variant": null,
              "remote": null,
              "description": "Assembles every contributed justfile fragment into one file",
              "options": {},
              "provides": [],
              "requires": [],
              "files": {},
              "packages": [],
              "groups": [],
              "coprs": [],
              "provenance": {
                "content": "001bc0b02cd1d40052ac0f45b05e46daaf6a6f2aa1a844d207cba2cd638d18e2",
                "repo": false,
                "source": null,
                "pin": null,
                "imported": null
              },
              "satisfies": [],
              "refuses": []
            },
            {
              "path": "core/power",
              "dir": "core/power",
              "flavour": null,
              "variant": null,
              "remote": null,
              "description": "Power recipes, contributed to the menu after the defaults",
              "options": {},
              "provides": [],
              "requires": [],
              "files": {},
              "packages": [],
              "groups": [],
              "coprs": [],
              "provenance": {
                "content": "a48ff1d37ac5d5cefc50037bce3899b09185f3bd9ebeeb1f2a2e2256a1e0da07",
                "repo": false,
                "source": null,
                "pin": null,
                "imported": null
              },
              "satisfies": [],
              "refuses": []
            },
            {
              "path": "core/network",
              "dir": "core/network",
              "flavour": null,
              "variant": null,
              "remote": null,
              "description": "Network recipes, contributed to the menu before the defaults",
              "options": {},
              "provides": [],
              "requires": [],
              "files": {},
              "packages": [],
              "groups": [],
              "coprs": [],
              "provenance": {
                "content": "e8115edf42986a860d145835beda29aac2e8bfae81a3cd05b47b29b3dc269118",
                "repo": false,
                "source": null,
                "pin": null,
                "imported": null
              },
              "satisfies": [],
              "refuses": []
            }
          ],
          "suppressed": [],
          "secrets": [],
          "contract_files": [],
          "verify_exceptions": [],
          "assets": [],
          "overlay_files": {},
          "overlay_overridden": [],
          "collected_files": {
            "core/power": [
              {
                "file": "justfile.inc",
                "staged": "/usr/share/menu/justfile.apps.d/0900-core-power.part"
              }
            ],
            "core/network": [
              {
                "file": "justfile.inc",
                "staged": "/usr/share/menu/justfile.apps.d/0100-core-network.part"
              }
            ]
          },
          "collect_destinations": [
            "/usr/share/menu/justfile.apps"
          ]
        }
      ]
    }
  ]
}
