---
source: tests/golden/harness.rs
---
{
  "schema_version": 1,
  "default_image": "debian",
  "default_image_name": "Debian",
  "pr_image": "debian",
  "default_target": "debian",
  "default_published": "debian",
  "pr_target": "debian",
  "pr_published": "debian",
  "ungated_target": "debian",
  "ungated_published": "debian",
  "cache_image": "debian-cache",
  "workflows": [],
  "audit": {
    "enforce": false
  },
  "remotes": [],
  "assets": [],
  "images": [
    {
      "id": "debian",
      "name": "Debian",
      "pretty_name": "",
      "file": "./debian.image.kdl",
      "url": "",
      "issues_url": "",
      "description": "",
      "keywords": [],
      "logo_url": "",
      "conforms": "",
      "boot": "",
      "allows": [],
      "layout": {
        "filesystem": "btrfs",
        "bootloader": "systemd"
      },
      "base": {
        "image": "docker.io/library/debian:forky",
        "family": "debian",
        "signed": false,
        "provides": [],
        "witnesses": {},
        "requires": [],
        "satisfies": []
      },
      "flavours": [],
      "default_flavour": null,
      "targets": [
        {
          "name": "debian",
          "image": "debian",
          "flavour": null,
          "published": "debian",
          "conforms": "",
          "allows": [],
          "default": true,
          "pr": true,
          "siblings": [],
          "modules": [
            {
              "path": "debian-family",
              "dir": "debian-family",
              "flavour": null,
              "variant": null,
              "remote": null,
              "description": "apt, which every Debian-family build layer reaches for",
              "options": {},
              "provides": [
                "build-environment"
              ],
              "requires": [],
              "files": {},
              "packages": [],
              "groups": [],
              "coprs": [],
              "provenance": {
                "content": "90ee445922e5e06434547f59bd3c77a3adea4c268fd2fa6794ca789670b8c575",
                "repo": false,
                "source": null,
                "pin": null,
                "imported": null
              },
              "satisfies": [],
              "refuses": []
            },
            {
              "path": "core/menu",
              "dir": "core/menu",
              "flavour": null,
              "variant": null,
              "remote": null,
              "description": "Collects the justfile fragments the rest of the image contributes",
              "options": {},
              "provides": [],
              "requires": [],
              "files": {},
              "packages": [],
              "groups": [],
              "coprs": [],
              "provenance": {
                "content": "c9a5ae0790070fbfbb7b042d5a68ef2e93368eb5acc0e3a5753a6b7d8e70bcbd",
                "repo": false,
                "source": null,
                "pin": null,
                "imported": null
              },
              "satisfies": [],
              "refuses": []
            },
            {
              "path": "core/shared",
              "dir": "core/shared",
              "flavour": null,
              "variant": null,
              "remote": null,
              "description": "A module both the Debian and Ubuntu images enable",
              "options": {},
              "provides": [],
              "requires": [],
              "files": {},
              "packages": [
                {
                  "family": "debian",
                  "names": [
                    "curl"
                  ],
                  "enablerepo": null
                },
                {
                  "family": "debian",
                  "names": [
                    "git"
                  ],
                  "enablerepo": null
                }
              ],
              "groups": [],
              "coprs": [],
              "provenance": {
                "content": "50d842066176973a833abf03f9e65e94dc5432636d45c7e97b0610a26e96f58c",
                "repo": true,
                "source": null,
                "pin": null,
                "imported": null
              },
              "satisfies": [],
              "refuses": []
            }
          ],
          "suppressed": [],
          "secrets": [],
          "contract_files": [],
          "verify_exceptions": [],
          "assets": [],
          "overlay_files": {
            "/etc/shared-deb.conf": "core/shared",
            "/etc/shared.conf": "core/shared"
          },
          "overlay_overridden": [],
          "collected_files": {
            "core/shared": [
              {
                "file": "deb/justfile.inc",
                "staged": "/usr/share/just/justfile.apps.d/0900-core-shared.part"
              }
            ]
          },
          "collect_destinations": [
            "/usr/share/just/justfile.apps"
          ]
        }
      ]
    },
    {
      "id": "forky",
      "name": "Forky",
      "pretty_name": "",
      "file": "./forky.image.kdl",
      "url": "",
      "issues_url": "",
      "description": "",
      "keywords": [],
      "logo_url": "",
      "conforms": "",
      "boot": "",
      "allows": [],
      "layout": {
        "filesystem": "",
        "bootloader": "grub2"
      },
      "base": {
        "image": "docker.io/library/debian:forky",
        "family": "debian",
        "signed": false,
        "provides": [],
        "witnesses": {},
        "requires": [
          "bootc-base"
        ],
        "satisfies": []
      },
      "flavours": [],
      "default_flavour": null,
      "targets": [
        {
          "name": "forky",
          "image": "forky",
          "flavour": null,
          "published": "forky",
          "conforms": "",
          "allows": [],
          "default": false,
          "pr": false,
          "siblings": [],
          "modules": [
            {
              "path": "debian-family",
              "dir": "debian-family",
              "flavour": null,
              "variant": null,
              "remote": null,
              "description": "apt, which every Debian-family build layer reaches for",
              "options": {},
              "provides": [
                "build-environment"
              ],
              "requires": [],
              "files": {},
              "packages": [],
              "groups": [],
              "coprs": [],
              "provenance": {
                "content": "90ee445922e5e06434547f59bd3c77a3adea4c268fd2fa6794ca789670b8c575",
                "repo": false,
                "source": null,
                "pin": null,
                "imported": null
              },
              "satisfies": [],
              "refuses": []
            },
            {
              "path": "core/bootc-base",
              "dir": "core/bootc-base",
              "flavour": null,
              "variant": null,
              "remote": null,
              "description": "What a container base needs before it is a bootc image at all",
              "options": {},
              "provides": [
                "bootc-base",
                "apparmor-policy"
              ],
              "requires": [],
              "files": {},
              "packages": [],
              "groups": [],
              "coprs": [],
              "provenance": {
                "content": "e9e1a74be2ca49e0741bdd0beca3d3d09c8bd458ae1968342a679325b26f4275",
                "repo": false,
                "source": null,
                "pin": null,
                "imported": null
              },
              "satisfies": [],
              "refuses": []
            },
            {
              "path": "core/confined",
              "dir": "core/confined",
              "flavour": null,
              "variant": null,
              "remote": null,
              "description": "Ships one AppArmor profile, which the parser has to accept",
              "options": {},
              "provides": [],
              "requires": [],
              "files": {},
              "packages": [],
              "groups": [],
              "coprs": [],
              "provenance": {
                "content": "0f6b3af8d230922486a1fe6005bd60dee659fcedd53fcdce457df965a6c0d8f4",
                "repo": false,
                "source": null,
                "pin": null,
                "imported": null
              },
              "satisfies": [],
              "refuses": []
            },
            {
              "path": "core/menu",
              "dir": "core/menu",
              "flavour": null,
              "variant": null,
              "remote": null,
              "description": "Collects the justfile fragments the rest of the image contributes",
              "options": {},
              "provides": [],
              "requires": [],
              "files": {},
              "packages": [],
              "groups": [],
              "coprs": [],
              "provenance": {
                "content": "c9a5ae0790070fbfbb7b042d5a68ef2e93368eb5acc0e3a5753a6b7d8e70bcbd",
                "repo": false,
                "source": null,
                "pin": null,
                "imported": null
              },
              "satisfies": [],
              "refuses": []
            },
            {
              "path": "core/shared",
              "dir": "core/shared",
              "flavour": null,
              "variant": null,
              "remote": null,
              "description": "A module both the Debian and Ubuntu images enable",
              "options": {},
              "provides": [],
              "requires": [],
              "files": {},
              "packages": [
                {
                  "family": "debian",
                  "names": [
                    "curl"
                  ],
                  "enablerepo": null
                },
                {
                  "family": "debian",
                  "names": [
                    "git"
                  ],
                  "enablerepo": null
                }
              ],
              "groups": [],
              "coprs": [],
              "provenance": {
                "content": "50d842066176973a833abf03f9e65e94dc5432636d45c7e97b0610a26e96f58c",
                "repo": true,
                "source": null,
                "pin": null,
                "imported": null
              },
              "satisfies": [],
              "refuses": []
            }
          ],
          "suppressed": [],
          "secrets": [],
          "contract_files": [],
          "verify_exceptions": [],
          "assets": [],
          "overlay_files": {
            "/etc/shared-deb.conf": "core/shared",
            "/etc/shared.conf": "core/shared"
          },
          "overlay_overridden": [],
          "collected_files": {
            "core/shared": [
              {
                "file": "deb/justfile.inc",
                "staged": "/usr/share/just/justfile.apps.d/0900-core-shared.part"
              }
            ]
          },
          "collect_destinations": [
            "/usr/share/just/justfile.apps"
          ]
        }
      ]
    },
    {
      "id": "ubuntu",
      "name": "Ubuntu",
      "pretty_name": "",
      "file": "./ubuntu.image.kdl",
      "url": "",
      "issues_url": "",
      "description": "",
      "keywords": [],
      "logo_url": "",
      "conforms": "",
      "boot": "",
      "allows": [],
      "layout": {
        "filesystem": "",
        "bootloader": "grub2"
      },
      "base": {
        "image": "docker.io/library/ubuntu:26.04",
        "family": "ubuntu",
        "signed": false,
        "provides": [],
        "witnesses": {},
        "requires": [],
        "satisfies": []
      },
      "flavours": [],
      "default_flavour": null,
      "targets": [
        {
          "name": "ubuntu",
          "image": "ubuntu",
          "flavour": null,
          "published": "ubuntu",
          "conforms": "",
          "allows": [],
          "default": false,
          "pr": false,
          "siblings": [],
          "modules": [
            {
              "path": "debian-family",
              "dir": "debian-family",
              "flavour": null,
              "variant": null,
              "remote": null,
              "description": "apt, which every Debian-family build layer reaches for",
              "options": {},
              "provides": [
                "build-environment"
              ],
              "requires": [],
              "files": {},
              "packages": [],
              "groups": [],
              "coprs": [],
              "provenance": {
                "content": "90ee445922e5e06434547f59bd3c77a3adea4c268fd2fa6794ca789670b8c575",
                "repo": false,
                "source": null,
                "pin": null,
                "imported": null
              },
              "satisfies": [],
              "refuses": []
            },
            {
              "path": "core/menu",
              "dir": "core/menu",
              "flavour": null,
              "variant": null,
              "remote": null,
              "description": "Collects the justfile fragments the rest of the image contributes",
              "options": {},
              "provides": [],
              "requires": [],
              "files": {},
              "packages": [],
              "groups": [],
              "coprs": [],
              "provenance": {
                "content": "c9a5ae0790070fbfbb7b042d5a68ef2e93368eb5acc0e3a5753a6b7d8e70bcbd",
                "repo": false,
                "source": null,
                "pin": null,
                "imported": null
              },
              "satisfies": [],
              "refuses": []
            },
            {
              "path": "core/shared",
              "dir": "core/shared",
              "flavour": null,
              "variant": null,
              "remote": null,
              "description": "A module both the Debian and Ubuntu images enable",
              "options": {},
              "provides": [],
              "requires": [],
              "files": {},
              "packages": [
                {
                  "family": "ubuntu",
                  "names": [
                    "curl"
                  ],
                  "enablerepo": null
                },
                {
                  "family": "ubuntu",
                  "names": [
                    "vim"
                  ],
                  "enablerepo": null
                }
              ],
              "groups": [],
              "coprs": [],
              "provenance": {
                "content": "50d842066176973a833abf03f9e65e94dc5432636d45c7e97b0610a26e96f58c",
                "repo": true,
                "source": null,
                "pin": null,
                "imported": null
              },
              "satisfies": [],
              "refuses": []
            }
          ],
          "suppressed": [],
          "secrets": [],
          "contract_files": [],
          "verify_exceptions": [],
          "assets": [],
          "overlay_files": {
            "/etc/shared-deb.conf": "core/shared",
            "/etc/shared.conf": "core/shared"
          },
          "overlay_overridden": [],
          "collected_files": {
            "core/shared": [
              {
                "file": "deb/justfile.inc",
                "staged": "/usr/share/just/justfile.apps.d/0900-core-shared.part"
              }
            ]
          },
          "collect_destinations": [
            "/usr/share/just/justfile.apps"
          ]
        }
      ]
    }
  ]
}
