---
source: tests/golden/harness.rs
---
{
  "schema_version": 1,
  "default_image": "deb",
  "default_image_name": "Deb",
  "pr_image": "deb",
  "default_target": "deb",
  "default_published": "deb",
  "pr_target": "deb",
  "pr_published": "deb",
  "ungated_target": "deb",
  "ungated_published": "deb",
  "cache_image": "deb-cache",
  "workflows": [],
  "audit": {
    "enforce": false
  },
  "remotes": [],
  "assets": [],
  "images": [
    {
      "id": "deb",
      "name": "Deb",
      "pretty_name": "",
      "file": "./deb.image.kdl",
      "url": "",
      "issues_url": "",
      "description": "",
      "keywords": [],
      "logo_url": "",
      "conforms": "",
      "boot": "",
      "allows": [],
      "layout": {
        "filesystem": "",
        "bootloader": "grub2"
      },
      "base": {
        "image": "docker.io/library/debian:forky",
        "family": "debian",
        "signed": false,
        "provides": [],
        "witnesses": {},
        "requires": [],
        "satisfies": []
      },
      "flavours": [],
      "default_flavour": null,
      "targets": [
        {
          "name": "deb",
          "image": "deb",
          "flavour": null,
          "published": "deb",
          "conforms": "",
          "allows": [],
          "default": true,
          "pr": true,
          "siblings": [],
          "modules": [
            {
              "path": "core/luks",
              "dir": "core/luks",
              "flavour": null,
              "variant": null,
              "remote": null,
              "description": "The LUKS initramfs witness, carried by a module and not by the base",
              "options": {},
              "provides": [
                "luks-initramfs"
              ],
              "requires": [],
              "files": {},
              "packages": [],
              "groups": [],
              "coprs": [],
              "provenance": {
                "content": "ccdf0059176c186c6137140022550f05625abce0bda4226971635e96aa13aa49",
                "repo": false,
                "source": null,
                "pin": null,
                "imported": null
              },
              "satisfies": [],
              "refuses": []
            }
          ],
          "suppressed": [],
          "secrets": [],
          "contract_files": [],
          "verify_exceptions": [],
          "assets": [],
          "overlay_files": {},
          "overlay_overridden": [],
          "collected_files": {},
          "collect_destinations": []
        }
      ]
    }
  ]
}
