---
source: tests/golden/harness.rs
---
{
  "schema_version": 1,
  "default_image": "minimal",
  "default_image_name": "Minimal",
  "pr_image": "minimal",
  "default_target": "minimal",
  "default_published": "minimal",
  "pr_target": "minimal",
  "pr_published": "minimal",
  "ungated_target": "minimal",
  "ungated_published": "minimal",
  "cache_image": "minimal-cache",
  "workflows": [],
  "audit": {
    "enforce": false
  },
  "remotes": [],
  "assets": [],
  "images": [
    {
      "id": "minimal",
      "name": "Minimal",
      "pretty_name": "",
      "file": "./image.kdl",
      "url": "",
      "issues_url": "",
      "description": "",
      "keywords": [],
      "logo_url": "",
      "conforms": "",
      "boot": "",
      "allows": [],
      "layout": {
        "filesystem": "",
        "bootloader": "grub2"
      },
      "base": {
        "image": "quay.io/fedora/fedora-bootc:44",
        "family": "fedora",
        "signed": false,
        "provides": [
          "rechunking"
        ],
        "witnesses": {
          "rechunking": [
            "/usr/bin/rechunking",
            "/usr/sbin/rechunking"
          ]
        },
        "requires": [],
        "satisfies": []
      },
      "flavours": [],
      "default_flavour": null,
      "targets": [
        {
          "name": "minimal",
          "image": "minimal",
          "flavour": null,
          "published": "minimal",
          "conforms": "",
          "allows": [],
          "default": true,
          "pr": true,
          "siblings": [],
          "modules": [
            {
              "path": "fedora-family",
              "dir": "fedora-family",
              "flavour": null,
              "variant": null,
              "remote": null,
              "description": "dnf5 and its plugins, which every fedora build layer reaches for",
              "options": {},
              "provides": [
                "build-environment"
              ],
              "requires": [],
              "files": {},
              "packages": [],
              "groups": [],
              "coprs": [],
              "provenance": {
                "content": "90fed2e5b6c345fb0d615059da327f1499bdd2b1748756caf0e3e772455466f9",
                "repo": false,
                "source": null,
                "pin": null,
                "imported": null
              },
              "satisfies": [],
              "refuses": []
            },
            {
              "path": "core/hello",
              "dir": "core/hello",
              "flavour": null,
              "variant": null,
              "remote": null,
              "description": "The smallest module a repository can hold",
              "options": {},
              "provides": [],
              "requires": [],
              "files": {},
              "packages": [
                {
                  "family": "fedora",
                  "names": [
                    "fastfetch"
                  ],
                  "enablerepo": "updates-testing"
                },
                {
                  "family": "fedora",
                  "names": [
                    "example-tool"
                  ],
                  "enablerepo": "copr:copr.fedorainfracloud.org:example:tools"
                }
              ],
              "groups": [
                {
                  "family": "fedora",
                  "names": [
                    "core"
                  ],
                  "enablerepo": null
                }
              ],
              "coprs": [
                {
                  "id": "example/tools",
                  "url": "https://copr.fedorainfracloud.org/coprs/example/tools/"
                }
              ],
              "provenance": {
                "content": "33877acc20d198115512d34f23bc7481d0cd20ff656dc49e6931a2aa7986e318",
                "repo": true,
                "source": null,
                "pin": null,
                "imported": null
              },
              "satisfies": [],
              "refuses": []
            }
          ],
          "suppressed": [],
          "secrets": [],
          "contract_files": [],
          "verify_exceptions": [],
          "assets": [],
          "overlay_files": {},
          "overlay_overridden": [],
          "collected_files": {},
          "collect_destinations": []
        }
      ]
    }
  ]
}
