---
source: tests/golden/harness.rs
---
{
  "schema_version": 1,
  "default_image": "network",
  "default_image_name": "Network",
  "pr_image": "network",
  "default_target": "network",
  "default_published": "network",
  "pr_target": "network",
  "pr_published": "network",
  "ungated_target": "network",
  "ungated_published": "network",
  "cache_image": "network-cache",
  "workflows": [],
  "audit": {
    "enforce": false
  },
  "remotes": [],
  "assets": [
    {
      "module": "core/fetcher",
      "name": "tool",
      "manifest": "modules/core/fetcher/module.kdl",
      "pin": {
        "locator": "https://github.com/owner/tool/releases/download/v{version}/tool.tar.gz",
        "selector": "1.0.0",
        "verifier": "b7c232b0e8249d8e55a40beb79c5c43a7d370f3f9408bd215deb0170daeaadf3",
        "tracker": "renovate",
        "reason": null,
        "from": "asset",
        "path": null,
        "resolved": "https://github.com/owner/tool/releases/download/v1.0.0/tool.tar.gz"
      }
    }
  ],
  "images": [
    {
      "id": "network",
      "name": "Network",
      "pretty_name": "",
      "file": "./image.kdl",
      "url": "",
      "issues_url": "",
      "description": "",
      "keywords": [],
      "logo_url": "",
      "conforms": "",
      "boot": "",
      "allows": [],
      "layout": {
        "filesystem": "",
        "bootloader": "grub2"
      },
      "base": {
        "image": "quay.io/fedora/fedora-bootc:44",
        "family": "fedora",
        "signed": false,
        "provides": [
          "rechunking",
          "selinux-policy"
        ],
        "witnesses": {
          "rechunking": [
            "/usr/bin/rechunking",
            "/usr/sbin/rechunking"
          ],
          "selinux-policy": [
            "/usr/bin/selinux-policy",
            "/usr/sbin/selinux-policy"
          ]
        },
        "requires": [],
        "satisfies": []
      },
      "flavours": [],
      "default_flavour": null,
      "targets": [
        {
          "name": "network",
          "image": "network",
          "flavour": null,
          "published": "network",
          "conforms": "",
          "allows": [],
          "default": true,
          "pr": true,
          "siblings": [],
          "modules": [
            {
              "path": "fedora-family",
              "dir": "fedora-family",
              "flavour": null,
              "variant": null,
              "remote": null,
              "description": "dnf5 and its plugins, which every fedora build layer reaches for",
              "options": {},
              "provides": [
                "build-environment"
              ],
              "requires": [],
              "files": {},
              "packages": [],
              "groups": [],
              "coprs": [],
              "provenance": {
                "content": "90fed2e5b6c345fb0d615059da327f1499bdd2b1748756caf0e3e772455466f9",
                "repo": false,
                "source": null,
                "pin": null,
                "imported": null
              },
              "satisfies": [],
              "refuses": []
            },
            {
              "path": "core/tools",
              "dir": "core/tools",
              "flavour": null,
              "variant": null,
              "remote": null,
              "description": "Installs a package, then configures it with no network",
              "options": {},
              "provides": [],
              "requires": [],
              "files": {},
              "packages": [
                {
                  "family": "fedora",
                  "names": [
                    "htop"
                  ],
                  "enablerepo": null
                }
              ],
              "groups": [],
              "coprs": [
                {
                  "id": "example/tools",
                  "url": "https://copr.fedorainfracloud.org/coprs/example/tools/"
                }
              ],
              "provenance": {
                "content": "7c3c70f5626649cc3a12dd520c35fcf6c9706e15b6ab7db6e1b5818aa077ee0e",
                "repo": false,
                "source": null,
                "pin": null,
                "imported": null
              },
              "satisfies": [],
              "refuses": []
            },
            {
              "path": "core/fetcher",
              "dir": "core/fetcher",
              "flavour": null,
              "variant": null,
              "remote": null,
              "description": "Fetches a pinned release in its own script",
              "options": {},
              "provides": [],
              "requires": [],
              "files": {},
              "packages": [],
              "groups": [],
              "coprs": [],
              "provenance": {
                "content": "70ccaa7afc7ec3c653ae149fcffe3ea3f37496324e945e88eff19c0032ac78fd",
                "repo": false,
                "source": null,
                "pin": null,
                "imported": null
              },
              "satisfies": [],
              "refuses": []
            },
            {
              "path": "core/quiet",
              "dir": "core/quiet",
              "flavour": null,
              "variant": null,
              "remote": null,
              "description": "Ships files and nothing else",
              "options": {},
              "provides": [],
              "requires": [],
              "files": {},
              "packages": [],
              "groups": [],
              "coprs": [],
              "provenance": {
                "content": "a4d01e46e2cb954df2105a6b2706ac9219516a92c7aa57a51f7f7289087a0220",
                "repo": false,
                "source": null,
                "pin": null,
                "imported": null
              },
              "satisfies": [],
              "refuses": []
            },
            {
              "path": "core/spliced",
              "dir": "core/spliced",
              "flavour": null,
              "variant": null,
              "remote": null,
              "description": "Ships a fragment beside its standard layer",
              "options": {},
              "provides": [],
              "requires": [],
              "files": {},
              "packages": [],
              "groups": [],
              "coprs": [],
              "provenance": {
                "content": "2953572315102d2cf4a5a42a1761ad379caf000fee499329efc556041d86f433",
                "repo": false,
                "source": null,
                "pin": null,
                "imported": null
              },
              "satisfies": [],
              "refuses": []
            }
          ],
          "suppressed": [],
          "secrets": [],
          "contract_files": [],
          "verify_exceptions": [],
          "assets": [
            {
              "module": "core/fetcher",
              "name": "tool",
              "manifest": "modules/core/fetcher/module.kdl",
              "pin": {
                "locator": "https://github.com/owner/tool/releases/download/v{version}/tool.tar.gz",
                "selector": "1.0.0",
                "verifier": "b7c232b0e8249d8e55a40beb79c5c43a7d370f3f9408bd215deb0170daeaadf3",
                "tracker": "renovate",
                "reason": null,
                "from": "asset",
                "path": null,
                "resolved": "https://github.com/owner/tool/releases/download/v1.0.0/tool.tar.gz"
              }
            }
          ],
          "overlay_files": {
            "/etc/quiet.conf": "core/quiet"
          },
          "overlay_overridden": [],
          "collected_files": {},
          "collect_destinations": []
        }
      ]
    }
  ]
}
