---
source: tests/golden/harness.rs
---
{
  "schema_version": 1,
  "default_image": "refused",
  "default_image_name": "Refused",
  "pr_image": "refused",
  "default_target": "refused",
  "default_published": "refused",
  "pr_target": "refused",
  "pr_published": "refused",
  "ungated_target": "refused",
  "ungated_published": "refused",
  "cache_image": "refused-cache",
  "workflows": [],
  "audit": {
    "enforce": false
  },
  "remotes": [],
  "assets": [],
  "images": [
    {
      "id": "refused",
      "name": "Refused",
      "pretty_name": "",
      "file": "./example.image.kdl",
      "url": "",
      "issues_url": "",
      "description": "",
      "keywords": [],
      "logo_url": "",
      "conforms": "standard",
      "boot": "",
      "allows": [
        {
          "rule": "sshd_disable_root_login",
          "because": "this image is reached over ssh as root"
        },
        {
          "rule": "no_module_here_refuses_this",
          "because": "and so it lifts nothing"
        }
      ],
      "layout": null,
      "base": {
        "image": "quay.io/fedora/fedora-bootc:44",
        "family": "fedora",
        "signed": false,
        "provides": [
          "rechunking"
        ],
        "witnesses": {
          "rechunking": [
            "/usr/bin/rechunking",
            "/usr/sbin/rechunking"
          ]
        },
        "requires": [],
        "satisfies": [
          {
            "benchmark": "stig",
            "rules": [
              "RHEL-09-232010"
            ]
          }
        ]
      },
      "flavours": [],
      "default_flavour": null,
      "targets": [
        {
          "name": "refused",
          "image": "refused",
          "flavour": null,
          "published": "refused",
          "conforms": "standard",
          "allows": [
            {
              "rule": "sshd_disable_root_login",
              "because": "this image is reached over ssh as root"
            },
            {
              "rule": "no_module_here_refuses_this",
              "because": "and so it lifts nothing"
            }
          ],
          "default": true,
          "pr": true,
          "siblings": [],
          "modules": [
            {
              "path": "one/contradicts",
              "dir": "one/contradicts",
              "flavour": null,
              "variant": null,
              "remote": null,
              "description": "Claims a number and refuses the rule that number reaches",
              "options": {},
              "provides": [],
              "requires": [],
              "files": {},
              "packages": [],
              "groups": [],
              "coprs": [],
              "provenance": {
                "content": "a718f53ff28c37f3a5f97d360cfdee4ee8a2c38c0b414ca8fad2b9a7f33efe5d",
                "repo": false,
                "source": null,
                "pin": null,
                "imported": null
              },
              "satisfies": [
                {
                  "benchmark": "cis-fedora",
                  "rules": [
                    "1.1.1.1"
                  ]
                }
              ],
              "refuses": [
                {
                  "rule": "package_aide_installed",
                  "because": "the fixture needs one module arguing with itself"
                }
              ]
            },
            {
              "path": "one/typo",
              "dir": "one/typo",
              "flavour": null,
              "variant": null,
              "remote": null,
              "description": "Refuses a rule the content carries nothing by",
              "options": {},
              "provides": [],
              "requires": [],
              "files": {},
              "packages": [],
              "groups": [],
              "coprs": [],
              "provenance": {
                "content": "0b7b626b2e3833c486805ea78767700e5a10a4bb29050126d6cd9469225285f7",
                "repo": false,
                "source": null,
                "pin": null,
                "imported": null
              },
              "satisfies": [
                {
                  "benchmark": "stig",
                  "rules": [
                    "CCI-000198"
                  ]
                }
              ],
              "refuses": [
                {
                  "rule": "not_a_rule_this_content_has",
                  "because": "a misspelling reads exactly like a rule left alone"
                },
                {
                  "rule": "sshd_disable_root_login",
                  "because": "the fixture needs one refusal an image lifts"
                }
              ]
            }
          ],
          "suppressed": [],
          "secrets": [],
          "contract_files": [],
          "verify_exceptions": [],
          "assets": [],
          "overlay_files": {},
          "overlay_overridden": [],
          "collected_files": {},
          "collect_destinations": []
        }
      ]
    }
  ]
}
