---
source: tests/golden/harness.rs
---
{
  "schema_version": 1,
  "default_image": "suppressed",
  "default_image_name": "Suppressed",
  "pr_image": "suppressed",
  "default_target": "suppressed",
  "default_published": "suppressed",
  "pr_target": "suppressed",
  "pr_published": "suppressed",
  "ungated_target": "suppressed",
  "ungated_published": "suppressed",
  "cache_image": "suppressed-cache",
  "workflows": [],
  "audit": {
    "enforce": false
  },
  "remotes": [],
  "assets": [],
  "images": [
    {
      "id": "suppressed",
      "name": "Suppressed",
      "pretty_name": "",
      "file": "./image.kdl",
      "url": "",
      "issues_url": "",
      "description": "",
      "keywords": [],
      "logo_url": "",
      "conforms": "",
      "boot": "",
      "allows": [],
      "layout": null,
      "base": {
        "image": "ghcr.io/ublue-os/bazzite:stable",
        "family": "fedora",
        "signed": false,
        "provides": [
          "rechunking",
          "flatpak"
        ],
        "witnesses": {
          "flatpak": [
            "/usr/bin/flatpak",
            "/usr/sbin/flatpak"
          ],
          "rechunking": [
            "/usr/bin/rechunking",
            "/usr/sbin/rechunking"
          ]
        },
        "requires": [],
        "satisfies": [
          {
            "benchmark": "cis-fedora",
            "rules": [
              "1.1.1.1",
              "4.1.3.1"
            ]
          }
        ]
      },
      "flavours": [],
      "default_flavour": null,
      "targets": [
        {
          "name": "suppressed",
          "image": "suppressed",
          "flavour": null,
          "published": "suppressed",
          "conforms": "",
          "allows": [],
          "default": true,
          "pr": true,
          "siblings": [],
          "modules": [
            {
              "path": "apps/browser",
              "dir": "apps/browser",
              "flavour": null,
              "variant": null,
              "remote": null,
              "description": "A flatpak application, which the base satisfies the runtime for",
              "options": {},
              "provides": [],
              "requires": [
                "flatpak"
              ],
              "files": {},
              "packages": [],
              "groups": [],
              "coprs": [],
              "provenance": {
                "content": "f72b344604d4c3e827cd9666ae09ab2bd78434a3fe956d80bfdc67866bfcbdb6",
                "repo": false,
                "source": null,
                "pin": null,
                "imported": null
              },
              "satisfies": [],
              "refuses": []
            }
          ],
          "suppressed": [
            {
              "path": "apps/flatpak",
              "dir": "apps/flatpak",
              "flavour": null,
              "variant": "beta",
              "remote": null,
              "description": "Installs flatpak and enables the remotes an image asks for",
              "options": {
                "OPT_REMOTES": "flathub flathub-beta",
                "OPT_SYSTEM_WIDE": "0"
              },
              "provides": [
                "flatpak"
              ],
              "requires": [],
              "files": {},
              "packages": [
                {
                  "family": "fedora",
                  "names": [
                    "flatpak"
                  ],
                  "enablerepo": null
                }
              ],
              "groups": [],
              "coprs": [],
              "provenance": {
                "content": "d40c2891d1aac415c97068412a248e05aaea222ab467ca113436d3954d4d6467",
                "repo": false,
                "source": null,
                "pin": null,
                "imported": null
              },
              "satisfies": [
                {
                  "benchmark": "cis-fedora",
                  "rules": [
                    "9.9.9.9"
                  ]
                }
              ],
              "refuses": []
            }
          ],
          "secrets": [],
          "contract_files": [],
          "verify_exceptions": [],
          "assets": [],
          "overlay_files": {},
          "overlay_overridden": [],
          "collected_files": {},
          "collect_destinations": []
        }
      ]
    }
  ]
}
