---
source: src/screen_tests.rs
---
Buffer {
    area: Rect { x: 0, y: 0, width: 80, height: 32 },
    content: [
        "What is the base image for this image?                                          ",
        "> quay.io/fedora/fedora-bootc:44  what fedora-bootc-44 ships                    ",
        "  docker.io/library/ubuntu:26.04  what ubuntu-26-04 ships                       ",
        "  Another base image  Type an image reference that is not in this catalog       ",
        "                                                                                ",
        "                                                                                ",
        "                                                                                ",
        "                                                                                ",
        "                                                                                ",
        "                                                                                ",
        "                                                                                ",
        "                                                                                ",
        "                                                                                ",
        "                                                                                ",
        "                                                                                ",
        "                                                                                ",
        "                                                                                ",
        "                                                                                ",
        "                                                                                ",
        "                                                                                ",
        "                                                                                ",
        "                                                                                ",
        "                                                                                ",
        "                                                                                ",
        "                                                                                ",
        "                                                                                ",
        "                                                                                ",
        "                                                                                ",
        "                                                                                ",
        "                                                                                ",
        "                                                                                ",
        "enter confirms                                                                  ",
    ],
    styles: [
        x: 0, y: 0, fg: Rgb(90, 86, 224), bg: Reset, underline: Reset, modifier: BOLD,
        x: 38, y: 0, fg: Reset, bg: Reset, underline: Reset, modifier: NONE,
        x: 0, y: 1, fg: Rgb(238, 111, 248), bg: Reset, underline: Reset, modifier: BOLD,
        x: 34, y: 1, fg: Rgb(238, 111, 248), bg: Reset, underline: Reset, modifier: BOLD | DIM,
        x: 60, y: 1, fg: Rgb(238, 111, 248), bg: Reset, underline: Reset, modifier: BOLD,
        x: 0, y: 2, fg: Reset, bg: Reset, underline: Reset, modifier: NONE,
        x: 34, y: 2, fg: Reset, bg: Reset, underline: Reset, modifier: DIM,
        x: 57, y: 2, fg: Reset, bg: Reset, underline: Reset, modifier: NONE,
        x: 22, y: 3, fg: Reset, bg: Reset, underline: Reset, modifier: DIM,
        x: 73, y: 3, fg: Reset, bg: Reset, underline: Reset, modifier: NONE,
        x: 0, y: 31, fg: Reset, bg: Reset, underline: Reset, modifier: DIM,
        x: 14, y: 31, fg: Reset, bg: Reset, underline: Reset, modifier: NONE,
    ]
}
