---
source: src/screen_tests.rs
---
Buffer {
    area: Rect { x: 0, y: 0, width: 80, height: 32 },
    content: [
        "Where will the repo be hosted?                                                  ",
        "> github.com  Github, and the workflows Tectonic ships                          ",
        "  forgejo  a Forgejo instance, at an address asked next                         ",
        "                                                                                ",
        "                                                                                ",
        "                                                                                ",
        "                                                                                ",
        "                                                                                ",
        "                                                                                ",
        "                                                                                ",
        "                                                                                ",
        "                                                                                ",
        "                                                                                ",
        "                                                                                ",
        "                                                                                ",
        "                                                                                ",
        "                                                                                ",
        "                                                                                ",
        "                                                                                ",
        "                                                                                ",
        "                                                                                ",
        "                                                                                ",
        "                                                                                ",
        "                                                                                ",
        "                                                                                ",
        "                                                                                ",
        "                                                                                ",
        "                                                                                ",
        "                                                                                ",
        "                                                                                ",
        "                                                                                ",
        "enter confirms                                                                  ",
    ],
    styles: [
        x: 0, y: 0, fg: Rgb(90, 86, 224), bg: Reset, underline: Reset, modifier: BOLD,
        x: 30, y: 0, fg: Reset, bg: Reset, underline: Reset, modifier: NONE,
        x: 0, y: 1, fg: Rgb(238, 111, 248), bg: Reset, underline: Reset, modifier: BOLD,
        x: 14, y: 1, fg: Rgb(238, 111, 248), bg: Reset, underline: Reset, modifier: BOLD | DIM,
        x: 54, y: 1, fg: Rgb(238, 111, 248), bg: Reset, underline: Reset, modifier: BOLD,
        x: 0, y: 2, fg: Reset, bg: Reset, underline: Reset, modifier: NONE,
        x: 11, y: 2, fg: Reset, bg: Reset, underline: Reset, modifier: DIM,
        x: 55, y: 2, fg: Reset, bg: Reset, underline: Reset, modifier: NONE,
        x: 0, y: 31, fg: Reset, bg: Reset, underline: Reset, modifier: DIM,
        x: 14, y: 31, fg: Reset, bg: Reset, underline: Reset, modifier: NONE,
    ]
}
