---
source: src/screen_tests.rs
---
Buffer {
    area: Rect { x: 0, y: 0, width: 80, height: 32 },
    content: [
        "Which files to keep in scripts/?                                                ",
        "> [x] Containerfile.skeleton  the Containerfile around the generated module laye",
        "  [ ] lint.sh  the repository's lint, as CI runs it                             ",
        "  [ ] tect.sh  fetches and runs the tect release that repo.kdl pins             ",
        "  [ ] smoke.sh  boots a built image under qemu and waits for ssh                ",
        "  [ ] vm.sh  builds a disk image and boots it                                   ",
        "                                                                                ",
        "                                                                                ",
        "                                                                                ",
        "                                                                                ",
        "                                                                                ",
        "                                                                                ",
        "                                                                                ",
        "                                                                                ",
        "                                                                                ",
        "                                                                                ",
        "                                                                                ",
        "                                                                                ",
        "                                                                                ",
        "                                                                                ",
        "                                                                                ",
        "                                                                                ",
        "                                                                                ",
        "                                                                                ",
        "                                                                                ",
        "                                                                                ",
        "                                                                                ",
        "                                                                                ",
        "                                                                                ",
        "                                                                                ",
        "                                                                                ",
        "space toggles                                                                   ",
    ],
    styles: [
        x: 0, y: 0, fg: Rgb(90, 86, 224), bg: Reset, underline: Reset, modifier: BOLD,
        x: 32, y: 0, fg: Reset, bg: Reset, underline: Reset, modifier: NONE,
        x: 0, y: 1, fg: Rgb(238, 111, 248), bg: Reset, underline: Reset, modifier: BOLD,
        x: 30, y: 1, fg: Rgb(238, 111, 248), bg: Reset, underline: Reset, modifier: BOLD | DIM,
        x: 0, y: 2, fg: Reset, bg: Reset, underline: Reset, modifier: NONE,
        x: 15, y: 2, fg: Reset, bg: Reset, underline: Reset, modifier: DIM,
        x: 51, y: 2, fg: Reset, bg: Reset, underline: Reset, modifier: NONE,
        x: 15, y: 3, fg: Reset, bg: Reset, underline: Reset, modifier: DIM,
        x: 67, y: 3, fg: Reset, bg: Reset, underline: Reset, modifier: NONE,
        x: 16, y: 4, fg: Reset, bg: Reset, underline: Reset, modifier: DIM,
        x: 64, y: 4, fg: Reset, bg: Reset, underline: Reset, modifier: NONE,
        x: 13, y: 5, fg: Reset, bg: Reset, underline: Reset, modifier: DIM,
        x: 45, y: 5, fg: Reset, bg: Reset, underline: Reset, modifier: NONE,
        x: 0, y: 31, fg: Reset, bg: Reset, underline: Reset, modifier: DIM,
        x: 13, y: 31, fg: Reset, bg: Reset, underline: Reset, modifier: NONE,
    ]
}
