---
source: tests/golden/harness.rs
---
{
  "schema_version": 1,
  "default_image": "shim",
  "default_image_name": "Shim",
  "pr_image": "shim",
  "default_target": "shim",
  "default_published": "shim",
  "pr_target": "shim",
  "pr_published": "shim",
  "ungated_target": "shim",
  "ungated_published": "shim",
  "cache_image": "shim-cache",
  "workflows": [],
  "audit": {
    "enforce": false
  },
  "remotes": [],
  "assets": [],
  "images": [
    {
      "id": "shim",
      "name": "Shim",
      "pretty_name": "",
      "file": "./image.kdl",
      "url": "",
      "issues_url": "",
      "description": "",
      "keywords": [],
      "logo_url": "",
      "conforms": "",
      "boot": "uki-shim",
      "allows": [],
      "layout": null,
      "base": {
        "image": "quay.io/fedora/fedora-bootc:44",
        "family": "fedora",
        "signed": false,
        "provides": [
          "bootupctl",
          "luks-initramfs"
        ],
        "witnesses": {
          "bootupctl": [
            "/usr/bin/bootupctl",
            "/usr/sbin/bootupctl"
          ],
          "luks-initramfs": [
            "/usr/bin/luks-initramfs",
            "/usr/sbin/luks-initramfs"
          ]
        },
        "requires": [],
        "satisfies": []
      },
      "flavours": [],
      "default_flavour": null,
      "targets": [
        {
          "name": "shim",
          "image": "shim",
          "flavour": null,
          "published": "shim",
          "conforms": "",
          "allows": [],
          "default": true,
          "pr": true,
          "siblings": [],
          "modules": [
            {
              "path": "uki",
              "dir": "uki",
              "flavour": null,
              "variant": null,
              "remote": null,
              "description": "UKI provider fixture",
              "options": {},
              "provides": [
                "boot-chain-uki"
              ],
              "requires": [],
              "files": {},
              "packages": [],
              "groups": [],
              "coprs": [],
              "provenance": {
                "content": "6cdc14dd351a2941ba0448c8a233c9d441c4fa35c61ea8bea6cdaeeac08a6b28",
                "repo": false,
                "source": null,
                "pin": null,
                "imported": null
              },
              "satisfies": [],
              "refuses": []
            },
            {
              "path": "enrolment",
              "dir": "enrolment",
              "flavour": null,
              "variant": null,
              "remote": null,
              "description": "Secure Boot enrollment provider fixture",
              "options": {},
              "provides": [
                "secureboot-enrolment"
              ],
              "requires": [],
              "files": {},
              "packages": [],
              "groups": [],
              "coprs": [],
              "provenance": {
                "content": "ed3ce21e4b130a2a2db0090d1c8c633b97e56b79b05da7b698a0a2373ffa61ef",
                "repo": false,
                "source": null,
                "pin": null,
                "imported": null
              },
              "satisfies": [],
              "refuses": []
            }
          ],
          "suppressed": [],
          "secrets": [],
          "contract_files": [],
          "verify_exceptions": [],
          "assets": [],
          "overlay_files": {},
          "overlay_overridden": [],
          "collected_files": {},
          "collect_destinations": []
        }
      ]
    },
    {
      "id": "db",
      "name": "DB",
      "pretty_name": "",
      "file": "./image.kdl",
      "url": "",
      "issues_url": "",
      "description": "",
      "keywords": [],
      "logo_url": "",
      "conforms": "",
      "boot": "uki-db",
      "allows": [],
      "layout": null,
      "base": {
        "image": "quay.io/fedora/fedora-bootc:44",
        "family": "fedora",
        "signed": false,
        "provides": [
          "bootupctl",
          "luks-initramfs"
        ],
        "witnesses": {
          "bootupctl": [
            "/usr/bin/bootupctl",
            "/usr/sbin/bootupctl"
          ],
          "luks-initramfs": [
            "/usr/bin/luks-initramfs",
            "/usr/sbin/luks-initramfs"
          ]
        },
        "requires": [],
        "satisfies": []
      },
      "flavours": [],
      "default_flavour": null,
      "targets": [
        {
          "name": "db",
          "image": "db",
          "flavour": null,
          "published": "db",
          "conforms": "",
          "allows": [],
          "default": false,
          "pr": false,
          "siblings": [],
          "modules": [
            {
              "path": "uki",
              "dir": "uki",
              "flavour": null,
              "variant": null,
              "remote": null,
              "description": "UKI provider fixture",
              "options": {},
              "provides": [
                "boot-chain-uki"
              ],
              "requires": [],
              "files": {},
              "packages": [],
              "groups": [],
              "coprs": [],
              "provenance": {
                "content": "6cdc14dd351a2941ba0448c8a233c9d441c4fa35c61ea8bea6cdaeeac08a6b28",
                "repo": false,
                "source": null,
                "pin": null,
                "imported": null
              },
              "satisfies": [],
              "refuses": []
            },
            {
              "path": "enrolment",
              "dir": "enrolment",
              "flavour": null,
              "variant": null,
              "remote": null,
              "description": "Secure Boot enrollment provider fixture",
              "options": {},
              "provides": [
                "secureboot-enrolment"
              ],
              "requires": [],
              "files": {},
              "packages": [],
              "groups": [],
              "coprs": [],
              "provenance": {
                "content": "ed3ce21e4b130a2a2db0090d1c8c633b97e56b79b05da7b698a0a2373ffa61ef",
                "repo": false,
                "source": null,
                "pin": null,
                "imported": null
              },
              "satisfies": [],
              "refuses": []
            }
          ],
          "suppressed": [],
          "secrets": [],
          "contract_files": [],
          "verify_exceptions": [],
          "assets": [],
          "overlay_files": {},
          "overlay_overridden": [],
          "collected_files": {},
          "collect_destinations": []
        }
      ]
    },
    {
      "id": "missing",
      "name": "Missing",
      "pretty_name": "",
      "file": "./image.kdl",
      "url": "",
      "issues_url": "",
      "description": "",
      "keywords": [],
      "logo_url": "",
      "conforms": "",
      "boot": "uki-db",
      "allows": [],
      "layout": null,
      "base": {
        "image": "quay.io/fedora/fedora-bootc:44",
        "family": "fedora",
        "signed": false,
        "provides": [
          "bootupctl",
          "luks-initramfs"
        ],
        "witnesses": {
          "bootupctl": [
            "/usr/bin/bootupctl",
            "/usr/sbin/bootupctl"
          ],
          "luks-initramfs": [
            "/usr/bin/luks-initramfs",
            "/usr/sbin/luks-initramfs"
          ]
        },
        "requires": [],
        "satisfies": []
      },
      "flavours": [],
      "default_flavour": null,
      "targets": [
        {
          "name": "missing",
          "image": "missing",
          "flavour": null,
          "published": "missing",
          "conforms": "",
          "allows": [],
          "default": false,
          "pr": false,
          "siblings": [],
          "modules": [],
          "suppressed": [],
          "secrets": [],
          "contract_files": [],
          "verify_exceptions": [],
          "assets": [],
          "overlay_files": {},
          "overlay_overridden": [],
          "collected_files": {},
          "collect_destinations": []
        }
      ]
    }
  ]
}
