---
source: tests/golden.rs
---
  x `core/hello` is not a module
    ,-[tests/repos/wrong-pin/image.kdl:12:9]
 11 |     modules {
 12 |         module "core/hello"
    :         ^^^|^^
    :            `-- nothing to build
 13 |     }
    `----
  help: give modules/core/hello a module.kdl, a module.sh, a files/ directory,
        a Containerfile.inc or a file that another module collects
